Archive member included to satisfy reference by file (symbol)

/Applications/Ac6/SystemWorkbench.app/Contents/Eclipse/plugins/fr.ac6.mcu.externaltools.arm-none.macos64_1.16.0.201807130628/tools/compiler/bin/../lib/gcc/arm-none-eabi/7.2.1/../../../../arm-none-eabi/lib/thumb/v7-m/libc_nano.a(lib_a-exit.o)
                              /Applications/Ac6/SystemWorkbench.app/Contents/Eclipse/plugins/fr.ac6.mcu.externaltools.arm-none.macos64_1.16.0.201807130628/tools/compiler/bin/../lib/gcc/arm-none-eabi/7.2.1/../../../../arm-none-eabi/lib/thumb/v7-m/crt0.o (exit)
/Applications/Ac6/SystemWorkbench.app/Contents/Eclipse/plugins/fr.ac6.mcu.externaltools.arm-none.macos64_1.16.0.201807130628/tools/compiler/bin/../lib/gcc/arm-none-eabi/7.2.1/../../../../arm-none-eabi/lib/thumb/v7-m/libc_nano.a(lib_a-impure.o)
                              /Applications/Ac6/SystemWorkbench.app/Contents/Eclipse/plugins/fr.ac6.mcu.externaltools.arm-none.macos64_1.16.0.201807130628/tools/compiler/bin/../lib/gcc/arm-none-eabi/7.2.1/../../../../arm-none-eabi/lib/thumb/v7-m/libc_nano.a(lib_a-exit.o) (_global_impure_ptr)
/Applications/Ac6/SystemWorkbench.app/Contents/Eclipse/plugins/fr.ac6.mcu.externaltools.arm-none.macos64_1.16.0.201807130628/tools/compiler/bin/../lib/gcc/arm-none-eabi/7.2.1/../../../../arm-none-eabi/lib/thumb/v7-m/libc_nano.a(lib_a-init.o)
                              /Applications/Ac6/SystemWorkbench.app/Contents/Eclipse/plugins/fr.ac6.mcu.externaltools.arm-none.macos64_1.16.0.201807130628/tools/compiler/bin/../lib/gcc/arm-none-eabi/7.2.1/../../../../arm-none-eabi/lib/thumb/v7-m/crt0.o (__libc_init_array)
/Applications/Ac6/SystemWorkbench.app/Contents/Eclipse/plugins/fr.ac6.mcu.externaltools.arm-none.macos64_1.16.0.201807130628/tools/compiler/bin/../lib/gcc/arm-none-eabi/7.2.1/../../../../arm-none-eabi/lib/thumb/v7-m/libc_nano.a(lib_a-memset.o)
                              /Applications/Ac6/SystemWorkbench.app/Contents/Eclipse/plugins/fr.ac6.mcu.externaltools.arm-none.macos64_1.16.0.201807130628/tools/compiler/bin/../lib/gcc/arm-none-eabi/7.2.1/../../../../arm-none-eabi/lib/thumb/v7-m/crt0.o (memset)
/Applications/Ac6/SystemWorkbench.app/Contents/Eclipse/plugins/fr.ac6.mcu.externaltools.arm-none.macos64_1.16.0.201807130628/tools/compiler/bin/../lib/gcc/arm-none-eabi/7.2.1/../../../../arm-none-eabi/lib/thumb/v7-m/libnosys.a(_exit.o)
                              /Applications/Ac6/SystemWorkbench.app/Contents/Eclipse/plugins/fr.ac6.mcu.externaltools.arm-none.macos64_1.16.0.201807130628/tools/compiler/bin/../lib/gcc/arm-none-eabi/7.2.1/../../../../arm-none-eabi/lib/thumb/v7-m/libc_nano.a(lib_a-exit.o) (_exit)

Allocating common symbols
Common symbol       size              file

htim4               0x38              Src/main.o
hdma_usart3_rx      0x44              Src/main.o
huart3              0x40              Src/main.o
htim10              0x38              Src/main.o
spiData             0x14              Src/main.o
uwTick              0x4               Drivers/STM32L1xx_HAL_Driver/Src/stm32l1xx_hal.o
pFlash              0x18              Drivers/STM32L1xx_HAL_Driver/Src/stm32l1xx_hal_flash.o
htim5               0x38              Src/main.o
htim3               0x38              Src/main.o
htim11              0x38              Src/main.o
prevADC             0x14              Src/main.o
expectedStep        0x14              Src/main.o
servo               0x14              Src/main.o
adc                 0x28              Src/main.o
curstep             0x14              Src/main.o
sensor              0x2c              Src/main.o
htim2               0x38              Src/main.o
hdma_adc            0x44              Src/main.o
hadc                0x54              Src/main.o
htim7               0x38              Src/main.o

Discarded input sections

 .text          0x0000000000000000        0x0 /Applications/Ac6/SystemWorkbench.app/Contents/Eclipse/plugins/fr.ac6.mcu.externaltools.arm-none.macos64_1.16.0.201807130628/tools/compiler/bin/../lib/gcc/arm-none-eabi/7.2.1/thumb/v7-m/crti.o
 .data          0x0000000000000000        0x0 /Applications/Ac6/SystemWorkbench.app/Contents/Eclipse/plugins/fr.ac6.mcu.externaltools.arm-none.macos64_1.16.0.201807130628/tools/compiler/bin/../lib/gcc/arm-none-eabi/7.2.1/thumb/v7-m/crti.o
 .bss           0x0000000000000000        0x0 /Applications/Ac6/SystemWorkbench.app/Contents/Eclipse/plugins/fr.ac6.mcu.externaltools.arm-none.macos64_1.16.0.201807130628/tools/compiler/bin/../lib/gcc/arm-none-eabi/7.2.1/thumb/v7-m/crti.o
 .data          0x0000000000000000        0x4 /Applications/Ac6/SystemWorkbench.app/Contents/Eclipse/plugins/fr.ac6.mcu.externaltools.arm-none.macos64_1.16.0.201807130628/tools/compiler/bin/../lib/gcc/arm-none-eabi/7.2.1/thumb/v7-m/crtbegin.o
[...]
Memory Configuration

Name             Origin             Length             Attributes
RAM              0x0000000020000000 0x0000000000014000 xrw
FLASH            0x0000000008000000 0x0000000000080000 xr
*default*        0x0000000000000000 0xffffffffffffffff

Linker script and memory map

LOAD /Applications/Ac6/SystemWorkbench.app/Contents/Eclipse/plugins/fr.ac6.mcu.externaltools.arm-none.macos64_1.16.0.201807130628/tools/compiler/bin/../lib/gcc/arm-none-eabi/7.2.1/thumb/v7-m/crti.o
LOAD /Applications/Ac6/SystemWorkbench.app/Contents/Eclipse/plugins/fr.ac6.mcu.externaltools.arm-none.macos64_1.16.0.201807130628/tools/compiler/bin/../lib/gcc/arm-none-eabi/7.2.1/thumb/v7-m/crtbegin.o
LOAD /Applications/Ac6/SystemWorkbench.app/Contents/Eclipse/plugins/fr.ac6.mcu.externaltools.arm-none.macos64_1.16.0.201807130628/tools/compiler/bin/../lib/gcc/arm-none-eabi/7.2.1/../../../../arm-none-eabi/lib/thumb/v7-m/crt0.o
LOAD Drivers/STM32L1xx_HAL_Driver/Src/stm32l1xx_hal.o
LOAD Drivers/STM32L1xx_HAL_Driver/Src/stm32l1xx_hal_adc.o
LOAD Drivers/STM32L1xx_HAL_Driver/Src/stm32l1xx_hal_adc_ex.o
LOAD Drivers/STM32L1xx_HAL_Driver/Src/stm32l1xx_hal_cortex.o
LOAD Drivers/STM32L1xx_HAL_Driver/Src/stm32l1xx_hal_dma.o
LOAD Drivers/STM32L1xx_HAL_Driver/Src/stm32l1xx_hal_flash.o
LOAD Drivers/STM32L1xx_HAL_Driver/Src/stm32l1xx_hal_flash_ex.o
LOAD Drivers/STM32L1xx_HAL_Driver/Src/stm32l1xx_hal_flash_ramfunc.o
LOAD Drivers/STM32L1xx_HAL_Driver/Src/stm32l1xx_hal_gpio.o
LOAD Drivers/STM32L1xx_HAL_Driver/Src/stm32l1xx_hal_pwr.o
LOAD Drivers/STM32L1xx_HAL_Driver/Src/stm32l1xx_hal_pwr_ex.o
LOAD Drivers/STM32L1xx_HAL_Driver/Src/stm32l1xx_hal_rcc.o
LOAD Drivers/STM32L1xx_HAL_Driver/Src/stm32l1xx_hal_rcc_ex.o
LOAD Drivers/STM32L1xx_HAL_Driver/Src/stm32l1xx_hal_tim.o
LOAD Drivers/STM32L1xx_HAL_Driver/Src/stm32l1xx_hal_tim_ex.o
LOAD Drivers/STM32L1xx_HAL_Driver/Src/stm32l1xx_hal_uart.o
LOAD Src/main.o
LOAD Src/stm32l1xx_hal_msp.o
LOAD Src/stm32l1xx_it.o
LOAD Src/system_stm32l1xx.o
LOAD startup/startup_stm32l152xe.o
LOAD /Applications/Ac6/SystemWorkbench.app/Contents/Eclipse/plugins/fr.ac6.mcu.externaltools.arm-none.macos64_1.16.0.201807130628/tools/compiler/bin/../lib/gcc/arm-none-eabi/7.2.1/../../../../arm-none-eabi/lib/thumb/v7-m/libm.a
START GROUP
LOAD /Applications/Ac6/SystemWorkbench.app/Contents/Eclipse/plugins/fr.ac6.mcu.externaltools.arm-none.macos64_1.16.0.201807130628/tools/compiler/bin/../lib/gcc/arm-none-eabi/7.2.1/thumb/v7-m/libgcc.a
LOAD /Applications/Ac6/SystemWorkbench.app/Contents/Eclipse/plugins/fr.ac6.mcu.externaltools.arm-none.macos64_1.16.0.201807130628/tools/compiler/bin/../lib/gcc/arm-none-eabi/7.2.1/../../../../arm-none-eabi/lib/thumb/v7-m/libc_nano.a
END GROUP
START GROUP
LOAD /Applications/Ac6/SystemWorkbench.app/Contents/Eclipse/plugins/fr.ac6.mcu.externaltools.arm-none.macos64_1.16.0.201807130628/tools/compiler/bin/../lib/gcc/arm-none-eabi/7.2.1/thumb/v7-m/libgcc.a
LOAD /Applications/Ac6/SystemWorkbench.app/Contents/Eclipse/plugins/fr.ac6.mcu.externaltools.arm-none.macos64_1.16.0.201807130628/tools/compiler/bin/../lib/gcc/arm-none-eabi/7.2.1/../../../../arm-none-eabi/lib/thumb/v7-m/libc_nano.a
LOAD /Applications/Ac6/SystemWorkbench.app/Contents/Eclipse/plugins/fr.ac6.mcu.externaltools.arm-none.macos64_1.16.0.201807130628/tools/compiler/bin/../lib/gcc/arm-none-eabi/7.2.1/../../../../arm-none-eabi/lib/thumb/v7-m/libnosys.a
END GROUP
START GROUP
LOAD /Applications/Ac6/SystemWorkbench.app/Contents/Eclipse/plugins/fr.ac6.mcu.externaltools.arm-none.macos64_1.16.0.201807130628/tools/compiler/bin/../lib/gcc/arm-none-eabi/7.2.1/thumb/v7-m/libgcc.a
LOAD /Applications/Ac6/SystemWorkbench.app/Contents/Eclipse/plugins/fr.ac6.mcu.externaltools.arm-none.macos64_1.16.0.201807130628/tools/compiler/bin/../lib/gcc/arm-none-eabi/7.2.1/../../../../arm-none-eabi/lib/thumb/v7-m/libc_nano.a
LOAD /Applications/Ac6/SystemWorkbench.app/Contents/Eclipse/plugins/fr.ac6.mcu.externaltools.arm-none.macos64_1.16.0.201807130628/tools/compiler/bin/../lib/gcc/arm-none-eabi/7.2.1/../../../../arm-none-eabi/lib/thumb/v7-m/libnosys.a
END GROUP
LOAD /Applications/Ac6/SystemWorkbench.app/Contents/Eclipse/plugins/fr.ac6.mcu.externaltools.arm-none.macos64_1.16.0.201807130628/tools/compiler/bin/../lib/gcc/arm-none-eabi/7.2.1/thumb/v7-m/crtend.o
LOAD /Applications/Ac6/SystemWorkbench.app/Contents/Eclipse/plugins/fr.ac6.mcu.externaltools.arm-none.macos64_1.16.0.201807130628/tools/compiler/bin/../lib/gcc/arm-none-eabi/7.2.1/thumb/v7-m/crtn.o
                0x0000000020014000                _estack = 0x20014000
                0x0000000000000200                _Min_Heap_Size = 0x200
                0x0000000000000400                _Min_Stack_Size = 0x400

.isr_vector     0x0000000008000000      0x13c
                0x0000000008000000                . = ALIGN (0x4)
 *(.isr_vector)
 .isr_vector    0x0000000008000000      0x13c startup/startup_stm32l152xe.o
                0x0000000008000000                g_pfnVectors
                0x000000000800013c                . = ALIGN (0x4)

.text           0x000000000800013c     0x3b0c
                0x000000000800013c                . = ALIGN (0x4)
 *(.text)
 .text          0x000000000800013c       0x40 /Applications/Ac6/SystemWorkbench.app/Contents/Eclipse/plugins/fr.ac6.mcu.externaltools.arm-none.macos64_1.16.0.201807130628/tools/compiler/bin/../lib/gcc/arm-none-eabi/7.2.1/thumb/v7-m/crtbegin.o
 *(.text*)
 .text.HAL_InitTick
                0x000000000800017c       0x2c Drivers/STM32L1xx_HAL_Driver/Src/stm32l1xx_hal.o
                0x000000000800017c                HAL_InitTick
 .text.HAL_Init
                0x00000000080001a8       0x16 Drivers/STM32L1xx_HAL_Driver/Src/stm32l1xx_hal.o
                0x00000000080001a8                HAL_Init
 *fill*         0x00000000080001be        0x2 
 .text.HAL_IncTick
                0x00000000080001c0       0x10 Drivers/STM32L1xx_HAL_Driver/Src/stm32l1xx_hal.o
                0x00000000080001c0                HAL_IncTick
 .text.HAL_GetTick
                0x00000000080001d0        0xc Drivers/STM32L1xx_HAL_Driver/Src/stm32l1xx_hal.o
                0x00000000080001d0                HAL_GetTick
 .text.HAL_ADC_Init
                0x00000000080001dc      0x198 Drivers/STM32L1xx_HAL_Driver/Src/stm32l1xx_hal_adc.o
                0x00000000080001dc                HAL_ADC_Init
 .text.ADC_DMAConvCplt
                0x0000000008000374       0x62 Drivers/STM32L1xx_HAL_Driver/Src/stm32l1xx_hal_adc.o
 .text.HAL_ADC_ConvHalfCpltCallback
                0x00000000080003d6        0x2 Drivers/STM32L1xx_HAL_Driver/Src/stm32l1xx_hal_adc.o
                0x00000000080003d6                HAL_ADC_ConvHalfCpltCallback
 .text.ADC_DMAHalfConvCplt
                0x00000000080003d8        0xa Drivers/STM32L1xx_HAL_Driver/Src/stm32l1xx_hal_adc.o
 .text.HAL_ADC_ErrorCallback
                0x00000000080003e2        0x2 Drivers/STM32L1xx_HAL_Driver/Src/stm32l1xx_hal_adc.o
                0x00000000080003e2                HAL_ADC_ErrorCallback
 .text.ADC_DMAError
                0x00000000080003e4       0x1a Drivers/STM32L1xx_HAL_Driver/Src/stm32l1xx_hal_adc.o
 *fill*         0x00000000080003fe        0x2 
 .text.HAL_ADC_ConfigChannel
                0x0000000008000400      0x1ac Drivers/STM32L1xx_HAL_Driver/Src/stm32l1xx_hal_adc.o
                0x0000000008000400                HAL_ADC_ConfigChannel
 .text.ADC_Enable
                0x00000000080005ac       0x84 Drivers/STM32L1xx_HAL_Driver/Src/stm32l1xx_hal_adc.o
                0x00000000080005ac                ADC_Enable
 .text.HAL_ADC_Start_DMA
                0x0000000008000630       0xc4 Drivers/STM32L1xx_HAL_Driver/Src/stm32l1xx_hal_adc.o
                0x0000000008000630                HAL_ADC_Start_DMA
 .text.HAL_NVIC_SetPriorityGrouping
                0x00000000080006f4       0x24 Drivers/STM32L1xx_HAL_Driver/Src/stm32l1xx_hal_cortex.o
                0x00000000080006f4                HAL_NVIC_SetPriorityGrouping
 .text.HAL_NVIC_SetPriority
                0x0000000008000718       0x68 Drivers/STM32L1xx_HAL_Driver/Src/stm32l1xx_hal_cortex.o
                0x0000000008000718                HAL_NVIC_SetPriority
 .text.HAL_NVIC_EnableIRQ
                0x0000000008000780       0x18 Drivers/STM32L1xx_HAL_Driver/Src/stm32l1xx_hal_cortex.o
                0x0000000008000780                HAL_NVIC_EnableIRQ
 .text.HAL_SYSTICK_Config
                0x0000000008000798       0x2c Drivers/STM32L1xx_HAL_Driver/Src/stm32l1xx_hal_cortex.o
                0x0000000008000798                HAL_SYSTICK_Config
 .text.HAL_SYSTICK_CLKSourceConfig
                0x00000000080007c4       0x20 Drivers/STM32L1xx_HAL_Driver/Src/stm32l1xx_hal_cortex.o
                0x00000000080007c4                HAL_SYSTICK_CLKSourceConfig
 .text.HAL_SYSTICK_Callback
                0x00000000080007e4        0x2 Drivers/STM32L1xx_HAL_Driver/Src/stm32l1xx_hal_cortex.o
                0x00000000080007e4                HAL_SYSTICK_Callback
 .text.HAL_SYSTICK_IRQHandler
                0x00000000080007e6        0x8 Drivers/STM32L1xx_HAL_Driver/Src/stm32l1xx_hal_cortex.o
                0x00000000080007e6                HAL_SYSTICK_IRQHandler
 .text.DMA_SetConfig
                0x00000000080007ee       0x2c Drivers/STM32L1xx_HAL_Driver/Src/stm32l1xx_hal_dma.o
 *fill*         0x000000000800081a        0x2 
 .text.HAL_DMA_Init
                0x000000000800081c       0xa0 Drivers/STM32L1xx_HAL_Driver/Src/stm32l1xx_hal_dma.o
                0x000000000800081c                HAL_DMA_Init
 .text.HAL_DMA_Start_IT
                0x00000000080008bc       0x76 Drivers/STM32L1xx_HAL_Driver/Src/stm32l1xx_hal_dma.o
                0x00000000080008bc                HAL_DMA_Start_IT
 .text.HAL_DMA_IRQHandler
                0x0000000008000932       0xb4 Drivers/STM32L1xx_HAL_Driver/Src/stm32l1xx_hal_dma.o
                0x0000000008000932                HAL_DMA_IRQHandler
 *fill*         0x00000000080009e6        0x2 
 .text.HAL_GPIO_Init
                0x00000000080009e8      0x1b0 Drivers/STM32L1xx_HAL_Driver/Src/stm32l1xx_hal_gpio.o
                0x00000000080009e8                HAL_GPIO_Init
 .text.HAL_GPIO_WritePin
                0x0000000008000b98        0xc Drivers/STM32L1xx_HAL_Driver/Src/stm32l1xx_hal_gpio.o
                0x0000000008000b98                HAL_GPIO_WritePin
 .text.HAL_GPIO_TogglePin
                0x0000000008000ba4        0x8 Drivers/STM32L1xx_HAL_Driver/Src/stm32l1xx_hal_gpio.o
                0x0000000008000ba4                HAL_GPIO_TogglePin
 .text.RCC_SetFlashLatencyFromMSIRange
                0x0000000008000bac       0x94 Drivers/STM32L1xx_HAL_Driver/Src/stm32l1xx_hal_rcc.o
 .text.HAL_RCC_OscConfig
                0x0000000008000c40      0x78c Drivers/STM32L1xx_HAL_Driver/Src/stm32l1xx_hal_rcc.o
                0x0000000008000c40                HAL_RCC_OscConfig
 .text.HAL_RCC_GetSysClockFreq
                0x00000000080013cc       0x9c Drivers/STM32L1xx_HAL_Driver/Src/stm32l1xx_hal_rcc.o
                0x00000000080013cc                HAL_RCC_GetSysClockFreq
 .text.HAL_RCC_ClockConfig
                0x0000000008001468      0x248 Drivers/STM32L1xx_HAL_Driver/Src/stm32l1xx_hal_rcc.o
                0x0000000008001468                HAL_RCC_ClockConfig
 .text.HAL_RCC_GetHCLKFreq
                0x00000000080016b0        0xc Drivers/STM32L1xx_HAL_Driver/Src/stm32l1xx_hal_rcc.o
                0x00000000080016b0                HAL_RCC_GetHCLKFreq
 .text.HAL_RCC_GetPCLK1Freq
                0x00000000080016bc       0x2c Drivers/STM32L1xx_HAL_Driver/Src/stm32l1xx_hal_rcc.o
                0x00000000080016bc                HAL_RCC_GetPCLK1Freq
 .text.HAL_RCC_GetPCLK2Freq
                0x00000000080016e8       0x2c Drivers/STM32L1xx_HAL_Driver/Src/stm32l1xx_hal_rcc.o
                0x00000000080016e8                HAL_RCC_GetPCLK2Freq
 .text.TIM_Base_SetConfig
                0x0000000008001714       0x80 Drivers/STM32L1xx_HAL_Driver/Src/stm32l1xx_hal_tim.o
 .text.TIM_OC1_SetConfig
                0x0000000008001794       0x2e Drivers/STM32L1xx_HAL_Driver/Src/stm32l1xx_hal_tim.o
 .text.TIM_OC2_SetConfig
                0x00000000080017c2       0x32 Drivers/STM32L1xx_HAL_Driver/Src/stm32l1xx_hal_tim.o
 .text.TIM_OC3_SetConfig
                0x00000000080017f4       0x30 Drivers/STM32L1xx_HAL_Driver/Src/stm32l1xx_hal_tim.o
 .text.TIM_OC4_SetConfig
                0x0000000008001824       0x32 Drivers/STM32L1xx_HAL_Driver/Src/stm32l1xx_hal_tim.o
 .text.TIM_TI1_ConfigInputStage
                0x0000000008001856       0x24 Drivers/STM32L1xx_HAL_Driver/Src/stm32l1xx_hal_tim.o
 .text.TIM_TI2_ConfigInputStage
                0x000000000800187a       0x26 Drivers/STM32L1xx_HAL_Driver/Src/stm32l1xx_hal_tim.o
 .text.TIM_ITRx_SetConfig
                0x00000000080018a0       0x10 Drivers/STM32L1xx_HAL_Driver/Src/stm32l1xx_hal_tim.o
 .text.TIM_ETR_SetConfig
                0x00000000080018b0       0x16 Drivers/STM32L1xx_HAL_Driver/Src/stm32l1xx_hal_tim.o
 .text.TIM_CCxChannelCmd
                0x00000000080018c6       0x1c Drivers/STM32L1xx_HAL_Driver/Src/stm32l1xx_hal_tim.o
 .text.HAL_TIM_Base_Init
                0x00000000080018e2       0x32 Drivers/STM32L1xx_HAL_Driver/Src/stm32l1xx_hal_tim.o
                0x00000000080018e2                HAL_TIM_Base_Init
 .text.HAL_TIM_Base_Start_IT
                0x0000000008001914       0x18 Drivers/STM32L1xx_HAL_Driver/Src/stm32l1xx_hal_tim.o
                0x0000000008001914                HAL_TIM_Base_Start_IT
 .text.HAL_TIM_PWM_MspInit
                0x000000000800192c        0x2 Drivers/STM32L1xx_HAL_Driver/Src/stm32l1xx_hal_tim.o
                0x000000000800192c                HAL_TIM_PWM_MspInit
 .text.HAL_TIM_PWM_Init
                0x000000000800192e       0x32 Drivers/STM32L1xx_HAL_Driver/Src/stm32l1xx_hal_tim.o
                0x000000000800192e                HAL_TIM_PWM_Init
 .text.HAL_TIM_PWM_Start
                0x0000000008001960       0x1a Drivers/STM32L1xx_HAL_Driver/Src/stm32l1xx_hal_tim.o
                0x0000000008001960                HAL_TIM_PWM_Start
 .text.HAL_TIM_PWM_ConfigChannel
                0x000000000800197a       0xdc Drivers/STM32L1xx_HAL_Driver/Src/stm32l1xx_hal_tim.o
                0x000000000800197a                HAL_TIM_PWM_ConfigChannel
 .text.HAL_TIM_ConfigClockSource
                0x0000000008001a56      0x108 Drivers/STM32L1xx_HAL_Driver/Src/stm32l1xx_hal_tim.o
                0x0000000008001a56                HAL_TIM_ConfigClockSource
 .text.HAL_TIM_OC_DelayElapsedCallback
                0x0000000008001b5e        0x2 Drivers/STM32L1xx_HAL_Driver/Src/stm32l1xx_hal_tim.o
                0x0000000008001b5e                HAL_TIM_OC_DelayElapsedCallback
 .text.HAL_TIM_IC_CaptureCallback
                0x0000000008001b60        0x2 Drivers/STM32L1xx_HAL_Driver/Src/stm32l1xx_hal_tim.o
                0x0000000008001b60                HAL_TIM_IC_CaptureCallback
 .text.HAL_TIM_PWM_PulseFinishedCallback
                0x0000000008001b62        0x2 Drivers/STM32L1xx_HAL_Driver/Src/stm32l1xx_hal_tim.o
                0x0000000008001b62                HAL_TIM_PWM_PulseFinishedCallback
 .text.HAL_TIM_TriggerCallback
                0x0000000008001b64        0x2 Drivers/STM32L1xx_HAL_Driver/Src/stm32l1xx_hal_tim.o
                0x0000000008001b64                HAL_TIM_TriggerCallback
 .text.HAL_TIM_IRQHandler
                0x0000000008001b66      0x13a Drivers/STM32L1xx_HAL_Driver/Src/stm32l1xx_hal_tim.o
                0x0000000008001b66                HAL_TIM_IRQHandler
 .text.HAL_TIMEx_MasterConfigSynchronization
                0x0000000008001ca0       0x52 Drivers/STM32L1xx_HAL_Driver/Src/stm32l1xx_hal_tim_ex.o
                0x0000000008001ca0                HAL_TIMEx_MasterConfigSynchronization
 .text.UART_Transmit_IT
                0x0000000008001cf2       0x6c Drivers/STM32L1xx_HAL_Driver/Src/stm32l1xx_hal_uart.o
 *fill*         0x0000000008001d5e        0x2 
 .text.UART_SetConfig
                0x0000000008001d60      0x320 Drivers/STM32L1xx_HAL_Driver/Src/stm32l1xx_hal_uart.o
 .text.UART_WaitOnFlagUntilTimeout
                0x0000000008002080       0xca Drivers/STM32L1xx_HAL_Driver/Src/stm32l1xx_hal_uart.o
 .text.HAL_UART_Init
                0x000000000800214a       0x5a Drivers/STM32L1xx_HAL_Driver/Src/stm32l1xx_hal_uart.o
                0x000000000800214a                HAL_UART_Init
 .text.HAL_UART_Transmit
                0x00000000080021a4       0xe8 Drivers/STM32L1xx_HAL_Driver/Src/stm32l1xx_hal_uart.o
                0x00000000080021a4                HAL_UART_Transmit
 .text.HAL_UART_Receive_DMA
                0x000000000800228c       0x98 Drivers/STM32L1xx_HAL_Driver/Src/stm32l1xx_hal_uart.o
                0x000000000800228c                HAL_UART_Receive_DMA
 .text.HAL_UART_TxCpltCallback
                0x0000000008002324        0x2 Drivers/STM32L1xx_HAL_Driver/Src/stm32l1xx_hal_uart.o
                0x0000000008002324                HAL_UART_TxCpltCallback
 .text.UART_EndTransmit_IT
                0x0000000008002326       0x2c Drivers/STM32L1xx_HAL_Driver/Src/stm32l1xx_hal_uart.o
 .text.UART_DMAReceiveCplt
                0x0000000008002352       0x3c Drivers/STM32L1xx_HAL_Driver/Src/stm32l1xx_hal_uart.o
 .text.UART_Receive_IT
                0x000000000800238e       0xb6 Drivers/STM32L1xx_HAL_Driver/Src/stm32l1xx_hal_uart.o
 .text.UART_DMARxHalfCplt
                0x0000000008002444        0xa Drivers/STM32L1xx_HAL_Driver/Src/stm32l1xx_hal_uart.o
 .text.HAL_UART_ErrorCallback
                0x000000000800244e        0x2 Drivers/STM32L1xx_HAL_Driver/Src/stm32l1xx_hal_uart.o
                0x000000000800244e                HAL_UART_ErrorCallback
 .text.UART_DMAError
                0x0000000008002450       0x1e Drivers/STM32L1xx_HAL_Driver/Src/stm32l1xx_hal_uart.o
 .text.HAL_UART_IRQHandler
                0x000000000800246e       0xca Drivers/STM32L1xx_HAL_Driver/Src/stm32l1xx_hal_uart.o
                0x000000000800246e                HAL_UART_IRQHandler
 .text.MX_GPIO_Init
                0x0000000008002538       0xfc Src/main.o
 .text.MX_DMA_Init
                0x0000000008002634       0x44 Src/main.o
 .text.PWM_Peltier_SetPWM
                0x0000000008002678       0xa8 Src/main.o
                0x0000000008002678                PWM_Peltier_SetPWM
 .text.PWM_Peltier_Start
                0x0000000008002720       0x84 Src/main.o
                0x0000000008002720                PWM_Peltier_Start
 .text.PWM_Peltier_Control
                0x00000000080027a4       0xa8 Src/main.o
                0x00000000080027a4                PWM_Peltier_Control
 .text.setupLED
                0x000000000800284c       0x84 Src/main.o
                0x000000000800284c                setupLED
 .text.setupPressureFB
                0x00000000080028d0       0x70 Src/main.o
                0x00000000080028d0                setupPressureFB
 .text.forward0
                0x0000000008002940       0x20 Src/main.o
                0x0000000008002940                forward0
 .text.backward0
                0x0000000008002960       0x20 Src/main.o
                0x0000000008002960                backward0
 .text.stop0    0x0000000008002980       0x20 Src/main.o
                0x0000000008002980                stop0
 .text.forward1
                0x00000000080029a0       0x20 Src/main.o
                0x00000000080029a0                forward1
 .text.backward1
                0x00000000080029c0       0x20 Src/main.o
                0x00000000080029c0                backward1
 .text.stop1    0x00000000080029e0       0x20 Src/main.o
                0x00000000080029e0                stop1
 .text.forward2
                0x0000000008002a00       0x20 Src/main.o
                0x0000000008002a00                forward2
 .text.backward2
                0x0000000008002a20       0x20 Src/main.o
                0x0000000008002a20                backward2
 .text.stop2    0x0000000008002a40       0x20 Src/main.o
                0x0000000008002a40                stop2
 .text.forward3
                0x0000000008002a60       0x20 Src/main.o
                0x0000000008002a60                forward3
 .text.backward3
                0x0000000008002a80       0x20 Src/main.o
                0x0000000008002a80                backward3
 .text.stop3    0x0000000008002aa0       0x20 Src/main.o
                0x0000000008002aa0                stop3
 .text.forward4
                0x0000000008002ac0       0x20 Src/main.o
                0x0000000008002ac0                forward4
 .text.backward4
                0x0000000008002ae0       0x20 Src/main.o
                0x0000000008002ae0                backward4
 .text.stop4    0x0000000008002b00       0x20 Src/main.o
                0x0000000008002b00                stop4
 .text.resetLA  0x0000000008002b20       0x48 Src/main.o
                0x0000000008002b20                resetLA
 .text.turnLA   0x0000000008002b68      0x1ac Src/main.o
                0x0000000008002b68                turnLA
 .text.HAL_TIM_PeriodElapsedCallback
                0x0000000008002d14      0x134 Src/main.o
                0x0000000008002d14                HAL_TIM_PeriodElapsedCallback
 .text.HAL_UART_RxCpltCallback
                0x0000000008002e48        0x2 Src/main.o
                0x0000000008002e48                HAL_UART_RxCpltCallback
 .text.HAL_UART_RxHalfCpltCallback
                0x0000000008002e4a        0x2 Src/main.o
                0x0000000008002e4a                HAL_UART_RxHalfCpltCallback
 .text.HAL_ADC_ConvCpltCallback
                0x0000000008002e4c        0x2 Src/main.o
                0x0000000008002e4c                HAL_ADC_ConvCpltCallback
 .text._Error_Handler
                0x0000000008002e4e        0x2 Src/main.o
                0x0000000008002e4e                _Error_Handler
 .text.MX_TIM2_Init
                0x0000000008002e50       0xf4 Src/main.o
 .text.MX_TIM3_Init
                0x0000000008002f44       0xf8 Src/main.o
 .text.MX_TIM10_Init
                0x000000000800303c       0x5c Src/main.o
 .text.MX_TIM7_Init
                0x0000000008003098       0x54 Src/main.o
 .text.MX_USART3_UART_Init
                0x00000000080030ec       0x3c Src/main.o
 .text.MX_TIM4_Init
                0x0000000008003128       0xf8 Src/main.o
 .text.MX_TIM5_Init
                0x0000000008003220       0xf4 Src/main.o
 .text.MX_ADC_Init
                0x0000000008003314      0x1b4 Src/main.o
 .text.MX_TIM11_Init
                0x00000000080034c8       0x58 Src/main.o
 .text.SystemClock_Config
                0x0000000008003520       0x94 Src/main.o
                0x0000000008003520                SystemClock_Config
 .text.main     0x00000000080035b4       0xd8 Src/main.o
                0x00000000080035b4                main
 .text.HAL_MspInit
                0x000000000800368c       0xa0 Src/stm32l1xx_hal_msp.o
                0x000000000800368c                HAL_MspInit
 .text.HAL_ADC_MspInit
                0x000000000800372c       0xb0 Src/stm32l1xx_hal_msp.o
                0x000000000800372c                HAL_ADC_MspInit
 .text.HAL_TIM_Base_MspInit
                0x00000000080037dc      0x150 Src/stm32l1xx_hal_msp.o
                0x00000000080037dc                HAL_TIM_Base_MspInit
 .text.HAL_TIM_MspPostInit
                0x000000000800392c       0xdc Src/stm32l1xx_hal_msp.o
                0x000000000800392c                HAL_TIM_MspPostInit
 .text.HAL_UART_MspInit
                0x0000000008003a08       0xa0 Src/stm32l1xx_hal_msp.o
                0x0000000008003a08                HAL_UART_MspInit
 .text.NMI_Handler
                0x0000000008003aa8        0x2 Src/stm32l1xx_it.o
                0x0000000008003aa8                NMI_Handler
 .text.HardFault_Handler
                0x0000000008003aaa        0x2 Src/stm32l1xx_it.o
                0x0000000008003aaa                HardFault_Handler
 .text.MemManage_Handler
                0x0000000008003aac        0x2 Src/stm32l1xx_it.o
                0x0000000008003aac                MemManage_Handler
 .text.BusFault_Handler
                0x0000000008003aae        0x2 Src/stm32l1xx_it.o
                0x0000000008003aae                BusFault_Handler
 .text.UsageFault_Handler
                0x0000000008003ab0        0x2 Src/stm32l1xx_it.o
                0x0000000008003ab0                UsageFault_Handler
 .text.SVC_Handler
                0x0000000008003ab2        0x2 Src/stm32l1xx_it.o
                0x0000000008003ab2                SVC_Handler
 .text.DebugMon_Handler
                0x0000000008003ab4        0x2 Src/stm32l1xx_it.o
                0x0000000008003ab4                DebugMon_Handler
 .text.PendSV_Handler
                0x0000000008003ab6        0x2 Src/stm32l1xx_it.o
                0x0000000008003ab6                PendSV_Handler
 .text.SysTick_Handler
                0x0000000008003ab8        0xc Src/stm32l1xx_it.o
                0x0000000008003ab8                SysTick_Handler
 .text.DMA1_Channel1_IRQHandler
                0x0000000008003ac4       0x10 Src/stm32l1xx_it.o
                0x0000000008003ac4                DMA1_Channel1_IRQHandler
 .text.DMA1_Channel3_IRQHandler
                0x0000000008003ad4       0x10 Src/stm32l1xx_it.o
                0x0000000008003ad4                DMA1_Channel3_IRQHandler
 .text.TIM10_IRQHandler
                0x0000000008003ae4       0x10 Src/stm32l1xx_it.o
                0x0000000008003ae4                TIM10_IRQHandler
 .text.TIM11_IRQHandler
                0x0000000008003af4       0x10 Src/stm32l1xx_it.o
                0x0000000008003af4                TIM11_IRQHandler
 .text.TIM2_IRQHandler
                0x0000000008003b04       0x10 Src/stm32l1xx_it.o
                0x0000000008003b04                TIM2_IRQHandler
 .text.TIM3_IRQHandler
                0x0000000008003b14       0x10 Src/stm32l1xx_it.o
                0x0000000008003b14                TIM3_IRQHandler
 .text.TIM4_IRQHandler
                0x0000000008003b24       0x10 Src/stm32l1xx_it.o
                0x0000000008003b24                TIM4_IRQHandler
 .text.USART3_IRQHandler
                0x0000000008003b34       0x10 Src/stm32l1xx_it.o
                0x0000000008003b34                USART3_IRQHandler
 .text.TIM7_IRQHandler
                0x0000000008003b44       0x10 Src/stm32l1xx_it.o
                0x0000000008003b44                TIM7_IRQHandler
 .text.SystemInit
                0x0000000008003b54       0x48 Src/system_stm32l1xx.o
                0x0000000008003b54                SystemInit
 .text.Reset_Handler
                0x0000000008003b9c       0x48 startup/startup_stm32l152xe.o
                0x0000000008003b9c                Reset_Handler
 .text.Default_Handler
                0x0000000008003be4        0x2 startup/startup_stm32l152xe.o
                0x0000000008003be4                DMA2_Channel3_IRQHandler
                0x0000000008003be4                EXTI2_IRQHandler
                0x0000000008003be4                COMP_ACQ_IRQHandler
                0x0000000008003be4                USB_HP_IRQHandler
                0x0000000008003be4                TIM6_IRQHandler
                0x0000000008003be4                PVD_IRQHandler
                0x0000000008003be4                EXTI3_IRQHandler
                0x0000000008003be4                EXTI0_IRQHandler
                0x0000000008003be4                I2C2_EV_IRQHandler
                0x0000000008003be4                SPI1_IRQHandler
                0x0000000008003be4                USB_FS_WKUP_IRQHandler
                0x0000000008003be4                DMA2_Channel2_IRQHandler
                0x0000000008003be4                DMA1_Channel4_IRQHandler
                0x0000000008003be4                ADC1_IRQHandler
                0x0000000008003be4                DMA1_Channel7_IRQHandler
                0x0000000008003be4                LCD_IRQHandler
                0x0000000008003be4                UART5_IRQHandler
                0x0000000008003be4                DMA2_Channel1_IRQHandler
                0x0000000008003be4                I2C1_EV_IRQHandler
                0x0000000008003be4                DMA1_Channel6_IRQHandler
                0x0000000008003be4                UART4_IRQHandler
                0x0000000008003be4                DMA2_Channel4_IRQHandler
                0x0000000008003be4                RCC_IRQHandler
                0x0000000008003be4                Default_Handler
                0x0000000008003be4                EXTI15_10_IRQHandler
                0x0000000008003be4                TIM5_IRQHandler
                0x0000000008003be4                EXTI9_5_IRQHandler
                0x0000000008003be4                TIM9_IRQHandler
                0x0000000008003be4                TAMPER_STAMP_IRQHandler
                0x0000000008003be4                RTC_WKUP_IRQHandler
                0x0000000008003be4                SPI2_IRQHandler
                0x0000000008003be4                DMA2_Channel5_IRQHandler
                0x0000000008003be4                DMA1_Channel5_IRQHandler
                0x0000000008003be4                USB_LP_IRQHandler
                0x0000000008003be4                EXTI4_IRQHandler
                0x0000000008003be4                COMP_IRQHandler
                0x0000000008003be4                WWDG_IRQHandler
                0x0000000008003be4                DAC_IRQHandler
                0x0000000008003be4                EXTI1_IRQHandler
                0x0000000008003be4                USART2_IRQHandler
                0x0000000008003be4                I2C2_ER_IRQHandler
                0x0000000008003be4                DMA1_Channel2_IRQHandler
                0x0000000008003be4                FLASH_IRQHandler
                0x0000000008003be4                USART1_IRQHandler
                0x0000000008003be4                SPI3_IRQHandler
                0x0000000008003be4                I2C1_ER_IRQHandler
                0x0000000008003be4                RTC_Alarm_IRQHandler
 *fill*         0x0000000008003be6        0x2 
 .text.__libc_init_array
                0x0000000008003be8       0x48 /Applications/Ac6/SystemWorkbench.app/Contents/Eclipse/plugins/fr.ac6.mcu.externaltools.arm-none.macos64_1.16.0.201807130628/tools/compiler/bin/../lib/gcc/arm-none-eabi/7.2.1/../../../../arm-none-eabi/lib/thumb/v7-m/libc_nano.a(lib_a-init.o)
                0x0000000008003be8                __libc_init_array
 *(.glue_7)
 .glue_7        0x0000000008003c30        0x0 linker stubs
 *(.glue_7t)
 .glue_7t       0x0000000008003c30        0x0 linker stubs
 *(.eh_frame)
 .eh_frame      0x0000000008003c30        0x0 /Applications/Ac6/SystemWorkbench.app/Contents/Eclipse/plugins/fr.ac6.mcu.externaltools.arm-none.macos64_1.16.0.201807130628/tools/compiler/bin/../lib/gcc/arm-none-eabi/7.2.1/thumb/v7-m/crtbegin.o
 *(.init)
 .init          0x0000000008003c30        0x4 /Applications/Ac6/SystemWorkbench.app/Contents/Eclipse/plugins/fr.ac6.mcu.externaltools.arm-none.macos64_1.16.0.201807130628/tools/compiler/bin/../lib/gcc/arm-none-eabi/7.2.1/thumb/v7-m/crti.o
                0x0000000008003c30                _init
 .init          0x0000000008003c34        0x8 /Applications/Ac6/SystemWorkbench.app/Contents/Eclipse/plugins/fr.ac6.mcu.externaltools.arm-none.macos64_1.16.0.201807130628/tools/compiler/bin/../lib/gcc/arm-none-eabi/7.2.1/thumb/v7-m/crtn.o
 *(.fini)
 .fini          0x0000000008003c3c        0x4 /Applications/Ac6/SystemWorkbench.app/Contents/Eclipse/plugins/fr.ac6.mcu.externaltools.arm-none.macos64_1.16.0.201807130628/tools/compiler/bin/../lib/gcc/arm-none-eabi/7.2.1/thumb/v7-m/crti.o
                0x0000000008003c3c                _fini
 .fini          0x0000000008003c40        0x8 /Applications/Ac6/SystemWorkbench.app/Contents/Eclipse/plugins/fr.ac6.mcu.externaltools.arm-none.macos64_1.16.0.201807130628/tools/compiler/bin/../lib/gcc/arm-none-eabi/7.2.1/thumb/v7-m/crtn.o
                0x0000000008003c48                . = ALIGN (0x4)
                0x0000000008003c48                _etext = .

.vfp11_veneer   0x0000000008003c48        0x0
 .vfp11_veneer  0x0000000008003c48        0x0 linker stubs

.v4_bx          0x0000000008003c48        0x0
 .v4_bx         0x0000000008003c48        0x0 linker stubs

.iplt           0x0000000008003c48        0x0
 .iplt          0x0000000008003c48        0x0 /Applications/Ac6/SystemWorkbench.app/Contents/Eclipse/plugins/fr.ac6.mcu.externaltools.arm-none.macos64_1.16.0.201807130628/tools/compiler/bin/../lib/gcc/arm-none-eabi/7.2.1/thumb/v7-m/crtbegin.o

.rodata         0x0000000008003c48      0x150
                0x0000000008003c48                . = ALIGN (0x4)
 *(.rodata)
 .rodata        0x0000000008003c48      0x100 Src/main.o
 .rodata        0x0000000008003d48       0x24 Src/system_stm32l1xx.o
                0x0000000008003d48                PLLMulTable
                0x0000000008003d54                AHBPrescTable
                0x0000000008003d64                APBPrescTable
 *(.rodata*)
 .rodata.str1.4
                0x0000000008003d6c        0xe Src/main.o
 *fill*         0x0000000008003d7a        0x2 
 .rodata.str1.4
                0x0000000008003d7c       0x1c Src/stm32l1xx_hal_msp.o
                                         0x1b (size before relaxing)
                0x0000000008003d98                . = ALIGN (0x4)

.rel.dyn        0x0000000008003d98        0x0
 .rel.iplt      0x0000000008003d98        0x0 /Applications/Ac6/SystemWorkbench.app/Contents/Eclipse/plugins/fr.ac6.mcu.externaltools.arm-none.macos64_1.16.0.201807130628/tools/compiler/bin/../lib/gcc/arm-none-eabi/7.2.1/thumb/v7-m/crtbegin.o

.ARM.extab
 *(.ARM.extab* .gnu.linkonce.armextab.*)

.ARM            0x0000000008003d98        0x0
                0x0000000008003d98                __exidx_start = .
 *(.ARM.exidx*)
                0x0000000008003d98                __exidx_end = .

.preinit_array  0x0000000008003d98        0x0
                0x0000000008003d98                PROVIDE (__preinit_array_start, .)
 *(.preinit_array*)
                0x0000000008003d98                PROVIDE (__preinit_array_end, .)

.init_array     0x0000000008003d98        0x4
                0x0000000008003d98                PROVIDE (__init_array_start, .)
 *(SORT_BY_NAME(.init_array.*))
 *(.init_array*)
 .init_array    0x0000000008003d98        0x4 /Applications/Ac6/SystemWorkbench.app/Contents/Eclipse/plugins/fr.ac6.mcu.externaltools.arm-none.macos64_1.16.0.201807130628/tools/compiler/bin/../lib/gcc/arm-none-eabi/7.2.1/thumb/v7-m/crtbegin.o
                0x0000000008003d9c                PROVIDE (__init_array_end, .)

.fini_array     0x0000000008003d9c        0x4
                [!provide]                        PROVIDE (__fini_array_start, .)
 *(SORT_BY_NAME(.fini_array.*))
 *(.fini_array*)
 .fini_array    0x0000000008003d9c        0x4 /Applications/Ac6/SystemWorkbench.app/Contents/Eclipse/plugins/fr.ac6.mcu.externaltools.arm-none.macos64_1.16.0.201807130628/tools/compiler/bin/../lib/gcc/arm-none-eabi/7.2.1/thumb/v7-m/crtbegin.o
                [!provide]                        PROVIDE (__fini_array_end, .)
                0x0000000008003da0                _sidata = LOADADDR (.data)

.data           0x0000000020000000       0x24 load address 0x0000000008003da0
                0x0000000020000000                . = ALIGN (0x4)
                0x0000000020000000                _sdata = .
 *(.data)
 .data          0x0000000020000000       0x20 Src/main.o
                0x0000000020000000                temperature_fb
                0x0000000020000004                temperature_in
                0x0000000020000008                PELTIER_5
                0x000000002000000c                PELTIER_4
                0x0000000020000010                PELTIER_3
                0x0000000020000014                PELTIER_2
                0x0000000020000018                PELTIER_1
                0x000000002000001c                HEATING
 .data          0x0000000020000020        0x4 Src/system_stm32l1xx.o
                0x0000000020000020                SystemCoreClock
 *(.data*)
                0x0000000020000024                . = ALIGN (0x4)
                0x0000000020000024                _edata = .

.igot.plt       0x0000000020000024        0x0 load address 0x0000000008003dc4
 .igot.plt      0x0000000020000024        0x0 /Applications/Ac6/SystemWorkbench.app/Contents/Eclipse/plugins/fr.ac6.mcu.externaltools.arm-none.macos64_1.16.0.201807130628/tools/compiler/bin/../lib/gcc/arm-none-eabi/7.2.1/thumb/v7-m/crtbegin.o
                0x0000000020000024                . = ALIGN (0x4)

.bss            0x0000000020000024      0x3c4 load address 0x0000000008003dc4
                0x0000000020000024                _sbss = .
                0x0000000020000024                __bss_start__ = _sbss
 *(.bss)
 .bss           0x0000000020000024       0x1c /Applications/Ac6/SystemWorkbench.app/Contents/Eclipse/plugins/fr.ac6.mcu.externaltools.arm-none.macos64_1.16.0.201807130628/tools/compiler/bin/../lib/gcc/arm-none-eabi/7.2.1/thumb/v7-m/crtbegin.o
 .bss           0x0000000020000040       0x48 Src/main.o
                0x0000000020000054                k
                0x0000000020000058                PeltierFlag
                0x000000002000005c                T_errorSum
                0x0000000020000070                tempV
                0x0000000020000074                COOLING
                0x0000000020000078                count
                0x000000002000007c                prev
                0x0000000020000080                adcValue
                0x0000000020000084                receivedValue
 *(.bss*)
 *(COMMON)
 COMMON         0x0000000020000088        0x4 Drivers/STM32L1xx_HAL_Driver/Src/stm32l1xx_hal.o
                0x0000000020000088                uwTick
 COMMON         0x000000002000008c      0x35c Src/main.o
                0x000000002000008c                htim4
                0x00000000200000c4                hdma_usart3_rx
                0x0000000020000108                huart3
                0x0000000020000148                htim10
                0x0000000020000180                spiData
                0x0000000020000194                htim5
                0x00000000200001cc                htim3
                0x0000000020000204                htim11
                0x000000002000023c                prevADC
                0x0000000020000250                expectedStep
                0x0000000020000264                servo
                0x0000000020000278                adc
                0x00000000200002a0                curstep
                0x00000000200002b4                sensor
                0x00000000200002e0                htim2
                0x0000000020000318                hdma_adc
                0x000000002000035c                hadc
                0x00000000200003b0                htim7
                0x00000000200003e8                . = ALIGN (0x4)
                0x00000000200003e8                _ebss = .
                0x00000000200003e8                __bss_end__ = _ebss

._user_heap_stack
                0x00000000200003e8      0x600 load address 0x0000000008003dc4
                0x00000000200003e8                . = ALIGN (0x8)
                [!provide]                        PROVIDE (end, .)
                [!provide]                        PROVIDE (_end, .)
                0x00000000200005e8                . = (. + _Min_Heap_Size)
 *fill*         0x00000000200003e8      0x200 
                0x00000000200009e8                . = (. + _Min_Stack_Size)
 *fill*         0x00000000200005e8      0x400 
                0x00000000200009e8                . = ALIGN (0x8)

/DISCARD/
 libc.a(*)
 libm.a(*)
 libgcc.a(*)

.ARM.attributes
                0x0000000000000000       0x29
 *(.ARM.attributes)
 .ARM.attributes
                0x0000000000000000       0x1d /Applications/Ac6/SystemWorkbench.app/Contents/Eclipse/plugins/fr.ac6.mcu.externaltools.arm-none.macos64_1.16.0.201807130628/tools/compiler/bin/../lib/gcc/arm-none-eabi/7.2.1/thumb/v7-m/crti.o
 .ARM.attributes
                0x000000000000001d       0x2d /Applications/Ac6/SystemWorkbench.app/Contents/Eclipse/plugins/fr.ac6.mcu.externaltools.arm-none.macos64_1.16.0.201807130628/tools/compiler/bin/../lib/gcc/arm-none-eabi/7.2.1/thumb/v7-m/crtbegin.o
 .ARM.attributes
                0x000000000000004a       0x33 Drivers/STM32L1xx_HAL_Driver/Src/stm32l1xx_hal.o
 .ARM.attributes
                0x000000000000007d       0x33 Drivers/STM32L1xx_HAL_Driver/Src/stm32l1xx_hal_adc.o
 .ARM.attributes
                0x00000000000000b0       0x33 Drivers/STM32L1xx_HAL_Driver/Src/stm32l1xx_hal_cortex.o
 .ARM.attributes
                0x00000000000000e3       0x33 Drivers/STM32L1xx_HAL_Driver/Src/stm32l1xx_hal_dma.o
 .ARM.attributes
                0x0000000000000116       0x33 Drivers/STM32L1xx_HAL_Driver/Src/stm32l1xx_hal_gpio.o
 .ARM.attributes
                0x0000000000000149       0x33 Drivers/STM32L1xx_HAL_Driver/Src/stm32l1xx_hal_rcc.o
 .ARM.attributes
                0x000000000000017c       0x33 Drivers/STM32L1xx_HAL_Driver/Src/stm32l1xx_hal_tim.o
 .ARM.attributes
                0x00000000000001af       0x33 Drivers/STM32L1xx_HAL_Driver/Src/stm32l1xx_hal_tim_ex.o
 .ARM.attributes
                0x00000000000001e2       0x33 Drivers/STM32L1xx_HAL_Driver/Src/stm32l1xx_hal_uart.o
 .ARM.attributes
                0x0000000000000215       0x33 Src/main.o
 .ARM.attributes
                0x0000000000000248       0x33 Src/stm32l1xx_hal_msp.o
 .ARM.attributes
                0x000000000000027b       0x33 Src/stm32l1xx_it.o
 .ARM.attributes
                0x00000000000002ae       0x33 Src/system_stm32l1xx.o
 .ARM.attributes
                0x00000000000002e1       0x21 startup/startup_stm32l152xe.o
 .ARM.attributes
                0x0000000000000302       0x2d /Applications/Ac6/SystemWorkbench.app/Contents/Eclipse/plugins/fr.ac6.mcu.externaltools.arm-none.macos64_1.16.0.201807130628/tools/compiler/bin/../lib/gcc/arm-none-eabi/7.2.1/../../../../arm-none-eabi/lib/thumb/v7-m/libc_nano.a(lib_a-init.o)
 .ARM.attributes
                0x000000000000032f       0x1d /Applications/Ac6/SystemWorkbench.app/Contents/Eclipse/plugins/fr.ac6.mcu.externaltools.arm-none.macos64_1.16.0.201807130628/tools/compiler/bin/../lib/gcc/arm-none-eabi/7.2.1/thumb/v7-m/crtn.o
OUTPUT(STM32l152zet6_UART_Receiver.elf elf32-littlearm)

.debug_info     0x0000000000000000    0x15086
 .debug_info    0x0000000000000000      0xed6 Drivers/STM32L1xx_HAL_Driver/Src/stm32l1xx_hal.o
 .debug_info    0x0000000000000ed6     0x1881 Drivers/STM32L1xx_HAL_Driver/Src/stm32l1xx_hal_adc.o
 .debug_info    0x0000000000002757     0x16e4 Drivers/STM32L1xx_HAL_Driver/Src/stm32l1xx_hal_cortex.o
 .debug_info    0x0000000000003e3b     0x1039 Drivers/STM32L1xx_HAL_Driver/Src/stm32l1xx_hal_dma.o
 .debug_info    0x0000000000004e74      0xea7 Drivers/STM32L1xx_HAL_Driver/Src/stm32l1xx_hal_gpio.o
 .debug_info    0x0000000000005d1b     0x1edd Drivers/STM32L1xx_HAL_Driver/Src/stm32l1xx_hal_rcc.o
 .debug_info    0x0000000000007bf8     0x35a9 Drivers/STM32L1xx_HAL_Driver/Src/stm32l1xx_hal_tim.o
 .debug_info    0x000000000000b1a1      0xe9c Drivers/STM32L1xx_HAL_Driver/Src/stm32l1xx_hal_tim_ex.o
 .debug_info    0x000000000000c03d     0x1a29 Drivers/STM32L1xx_HAL_Driver/Src/stm32l1xx_hal_uart.o
 .debug_info    0x000000000000da66     0x39f4 Src/main.o
 .debug_info    0x000000000001145a     0x1d6d Src/stm32l1xx_hal_msp.o
 .debug_info    0x00000000000131c7     0x1227 Src/stm32l1xx_it.o
 .debug_info    0x00000000000143ee      0xc76 Src/system_stm32l1xx.o
 .debug_info    0x0000000000015064       0x22 startup/startup_stm32l152xe.o

.debug_abbrev   0x0000000000000000     0x24a4
 .debug_abbrev  0x0000000000000000      0x2c9 Drivers/STM32L1xx_HAL_Driver/Src/stm32l1xx_hal.o
 .debug_abbrev  0x00000000000002c9      0x311 Drivers/STM32L1xx_HAL_Driver/Src/stm32l1xx_hal_adc.o
 .debug_abbrev  0x00000000000005da      0x3ba Drivers/STM32L1xx_HAL_Driver/Src/stm32l1xx_hal_cortex.o
 .debug_abbrev  0x0000000000000994      0x2e5 Drivers/STM32L1xx_HAL_Driver/Src/stm32l1xx_hal_dma.o
 .debug_abbrev  0x0000000000000c79      0x2a7 Drivers/STM32L1xx_HAL_Driver/Src/stm32l1xx_hal_gpio.o
 .debug_abbrev  0x0000000000000f20      0x352 Drivers/STM32L1xx_HAL_Driver/Src/stm32l1xx_hal_rcc.o
 .debug_abbrev  0x0000000000001272      0x2cf Drivers/STM32L1xx_HAL_Driver/Src/stm32l1xx_hal_tim.o
 .debug_abbrev  0x0000000000001541      0x1fc Drivers/STM32L1xx_HAL_Driver/Src/stm32l1xx_hal_tim_ex.o
 .debug_abbrev  0x000000000000173d      0x2fd Drivers/STM32L1xx_HAL_Driver/Src/stm32l1xx_hal_uart.o
 .debug_abbrev  0x0000000000001a3a      0x392 Src/main.o
 .debug_abbrev  0x0000000000001dcc      0x297 Src/stm32l1xx_hal_msp.o
 .debug_abbrev  0x0000000000002063      0x22a Src/stm32l1xx_it.o
 .debug_abbrev  0x000000000000228d      0x205 Src/system_stm32l1xx.o
 .debug_abbrev  0x0000000000002492       0x12 startup/startup_stm32l152xe.o

.debug_loc      0x0000000000000000     0x7642
 .debug_loc     0x0000000000000000       0x6a Drivers/STM32L1xx_HAL_Driver/Src/stm32l1xx_hal.o
 .debug_loc     0x000000000000006a      0x8a1 Drivers/STM32L1xx_HAL_Driver/Src/stm32l1xx_hal_adc.o
 .debug_loc     0x000000000000090b      0x5ce Drivers/STM32L1xx_HAL_Driver/Src/stm32l1xx_hal_cortex.o
 .debug_loc     0x0000000000000ed9      0x7aa Drivers/STM32L1xx_HAL_Driver/Src/stm32l1xx_hal_dma.o
 .debug_loc     0x0000000000001683      0x38d Drivers/STM32L1xx_HAL_Driver/Src/stm32l1xx_hal_gpio.o
 .debug_loc     0x0000000000001a10      0xb22 Drivers/STM32L1xx_HAL_Driver/Src/stm32l1xx_hal_rcc.o
 .debug_loc     0x0000000000002532     0x3550 Drivers/STM32L1xx_HAL_Driver/Src/stm32l1xx_hal_tim.o
 .debug_loc     0x0000000000005a82       0xa0 Drivers/STM32L1xx_HAL_Driver/Src/stm32l1xx_hal_tim_ex.o
 .debug_loc     0x0000000000005b22     0x1268 Drivers/STM32L1xx_HAL_Driver/Src/stm32l1xx_hal_uart.o
 .debug_loc     0x0000000000006d8a      0x4a2 Src/main.o
 .debug_loc     0x000000000000722c      0x287 Src/stm32l1xx_hal_msp.o
 .debug_loc     0x00000000000074b3      0x18f Src/system_stm32l1xx.o

.debug_aranges  0x0000000000000000      0xb40
 .debug_aranges
                0x0000000000000000       0xb0 Drivers/STM32L1xx_HAL_Driver/Src/stm32l1xx_hal.o
 .debug_aranges
                0x00000000000000b0       0xf0 Drivers/STM32L1xx_HAL_Driver/Src/stm32l1xx_hal_adc.o
 .debug_aranges
                0x00000000000001a0       0xa8 Drivers/STM32L1xx_HAL_Driver/Src/stm32l1xx_hal_cortex.o
 .debug_aranges
                0x0000000000000248       0x80 Drivers/STM32L1xx_HAL_Driver/Src/stm32l1xx_hal_dma.o
 .debug_aranges
                0x00000000000002c8       0x58 Drivers/STM32L1xx_HAL_Driver/Src/stm32l1xx_hal_gpio.o
 .debug_aranges
                0x0000000000000320       0x90 Drivers/STM32L1xx_HAL_Driver/Src/stm32l1xx_hal_rcc.o
 .debug_aranges
                0x00000000000003b0      0x368 Drivers/STM32L1xx_HAL_Driver/Src/stm32l1xx_hal_tim.o
 .debug_aranges
                0x0000000000000718       0x28 Drivers/STM32L1xx_HAL_Driver/Src/stm32l1xx_hal_tim_ex.o
 .debug_aranges
                0x0000000000000740      0x150 Drivers/STM32L1xx_HAL_Driver/Src/stm32l1xx_hal_uart.o
 .debug_aranges
                0x0000000000000890      0x160 Src/main.o
 .debug_aranges
                0x00000000000009f0       0x58 Src/stm32l1xx_hal_msp.o
 .debug_aranges
                0x0000000000000a48       0xa8 Src/stm32l1xx_it.o
 .debug_aranges
                0x0000000000000af0       0x28 Src/system_stm32l1xx.o
 .debug_aranges
                0x0000000000000b18       0x28 startup/startup_stm32l152xe.o

.debug_ranges   0x0000000000000000      0xb10
 .debug_ranges  0x0000000000000000       0xa0 Drivers/STM32L1xx_HAL_Driver/Src/stm32l1xx_hal.o
 .debug_ranges  0x00000000000000a0       0xe0 Drivers/STM32L1xx_HAL_Driver/Src/stm32l1xx_hal_adc.o
 .debug_ranges  0x0000000000000180       0xf8 Drivers/STM32L1xx_HAL_Driver/Src/stm32l1xx_hal_cortex.o
 .debug_ranges  0x0000000000000278       0x70 Drivers/STM32L1xx_HAL_Driver/Src/stm32l1xx_hal_dma.o
 .debug_ranges  0x00000000000002e8       0x48 Drivers/STM32L1xx_HAL_Driver/Src/stm32l1xx_hal_gpio.o
 .debug_ranges  0x0000000000000330       0x98 Drivers/STM32L1xx_HAL_Driver/Src/stm32l1xx_hal_rcc.o
 .debug_ranges  0x00000000000003c8      0x358 Drivers/STM32L1xx_HAL_Driver/Src/stm32l1xx_hal_tim.o
 .debug_ranges  0x0000000000000720       0x18 Drivers/STM32L1xx_HAL_Driver/Src/stm32l1xx_hal_tim_ex.o
 .debug_ranges  0x0000000000000738      0x140 Drivers/STM32L1xx_HAL_Driver/Src/stm32l1xx_hal_uart.o
 .debug_ranges  0x0000000000000878      0x180 Src/main.o
 .debug_ranges  0x00000000000009f8       0x48 Src/stm32l1xx_hal_msp.o
 .debug_ranges  0x0000000000000a40       0x98 Src/stm32l1xx_it.o
 .debug_ranges  0x0000000000000ad8       0x18 Src/system_stm32l1xx.o
 .debug_ranges  0x0000000000000af0       0x20 startup/startup_stm32l152xe.o

.debug_macro    0x0000000000000000    0x17d68
 .debug_macro   0x0000000000000000      0x330 Drivers/STM32L1xx_HAL_Driver/Src/stm32l1xx_hal.o
 .debug_macro   0x0000000000000330      0xa60 Drivers/STM32L1xx_HAL_Driver/Src/stm32l1xx_hal.o
 .debug_macro   0x0000000000000d90       0x10 Drivers/STM32L1xx_HAL_Driver/Src/stm32l1xx_hal.o
 .debug_macro   0x0000000000000da0       0x8e Drivers/STM32L1xx_HAL_Driver/Src/stm32l1xx_hal.o
 .debug_macro   0x0000000000000e2e       0x2e Drivers/STM32L1xx_HAL_Driver/Src/stm32l1xx_hal.o
 .debug_macro   0x0000000000000e5c       0x22 Drivers/STM32L1xx_HAL_Driver/Src/stm32l1xx_hal.o
 .debug_macro   0x0000000000000e7e       0x22 Drivers/STM32L1xx_HAL_Driver/Src/stm32l1xx_hal.o
 .debug_macro   0x0000000000000ea0       0x87 Drivers/STM32L1xx_HAL_Driver/Src/stm32l1xx_hal.o
 .debug_macro   0x0000000000000f27       0x51 Drivers/STM32L1xx_HAL_Driver/Src/stm32l1xx_hal.o
 .debug_macro   0x0000000000000f78       0xef Drivers/STM32L1xx_HAL_Driver/Src/stm32l1xx_hal.o
 .debug_macro   0x0000000000001067       0x6a Drivers/STM32L1xx_HAL_Driver/Src/stm32l1xx_hal.o
 .debug_macro   0x00000000000010d1      0x1df Drivers/STM32L1xx_HAL_Driver/Src/stm32l1xx_hal.o
 .debug_macro   0x00000000000012b0       0x34 Drivers/STM32L1xx_HAL_Driver/Src/stm32l1xx_hal.o
 .debug_macro   0x00000000000012e4       0x34 Drivers/STM32L1xx_HAL_Driver/Src/stm32l1xx_hal.o
 .debug_macro   0x0000000000001318      0xcb4 Drivers/STM32L1xx_HAL_Driver/Src/stm32l1xx_hal.o
 .debug_macro   0x0000000000001fcc     0xbeb6 Drivers/STM32L1xx_HAL_Driver/Src/stm32l1xx_hal.o
 .debug_macro   0x000000000000de82       0x43 Drivers/STM32L1xx_HAL_Driver/Src/stm32l1xx_hal.o
 .debug_macro   0x000000000000dec5     0x342b Drivers/STM32L1xx_HAL_Driver/Src/stm32l1xx_hal.o
 .debug_macro   0x00000000000112f0       0x58 Drivers/STM32L1xx_HAL_Driver/Src/stm32l1xx_hal.o
 .debug_macro   0x0000000000011348       0x17 Drivers/STM32L1xx_HAL_Driver/Src/stm32l1xx_hal.o
 .debug_macro   0x000000000001135f       0x35 Drivers/STM32L1xx_HAL_Driver/Src/stm32l1xx_hal.o
 .debug_macro   0x0000000000011394       0x9c Drivers/STM32L1xx_HAL_Driver/Src/stm32l1xx_hal.o
 .debug_macro   0x0000000000011430       0x16 Drivers/STM32L1xx_HAL_Driver/Src/stm32l1xx_hal.o
 .debug_macro   0x0000000000011446       0x97 Drivers/STM32L1xx_HAL_Driver/Src/stm32l1xx_hal.o
 .debug_macro   0x00000000000114dd      0x330 Drivers/STM32L1xx_HAL_Driver/Src/stm32l1xx_hal.o
 .debug_macro   0x000000000001180d       0xfd Drivers/STM32L1xx_HAL_Driver/Src/stm32l1xx_hal.o
 .debug_macro   0x000000000001190a       0x10 Drivers/STM32L1xx_HAL_Driver/Src/stm32l1xx_hal.o
 .debug_macro   0x000000000001191a       0x58 Drivers/STM32L1xx_HAL_Driver/Src/stm32l1xx_hal.o
 .debug_macro   0x0000000000011972       0x1f Drivers/STM32L1xx_HAL_Driver/Src/stm32l1xx_hal.o
 .debug_macro   0x0000000000011991       0x43 Drivers/STM32L1xx_HAL_Driver/Src/stm32l1xx_hal.o
 .debug_macro   0x00000000000119d4       0x20 Drivers/STM32L1xx_HAL_Driver/Src/stm32l1xx_hal.o
 .debug_macro   0x00000000000119f4      0x18e Drivers/STM32L1xx_HAL_Driver/Src/stm32l1xx_hal.o
 .debug_macro   0x0000000000011b82       0x10 Drivers/STM32L1xx_HAL_Driver/Src/stm32l1xx_hal.o
 .debug_macro   0x0000000000011b92       0x1c Drivers/STM32L1xx_HAL_Driver/Src/stm32l1xx_hal.o
 .debug_macro   0x0000000000011bae       0x52 Drivers/STM32L1xx_HAL_Driver/Src/stm32l1xx_hal.o
 .debug_macro   0x0000000000011c00       0x40 Drivers/STM32L1xx_HAL_Driver/Src/stm32l1xx_hal.o
 .debug_macro   0x0000000000011c40       0x10 Drivers/STM32L1xx_HAL_Driver/Src/stm32l1xx_hal.o
 .debug_macro   0x0000000000011c50       0x40 Drivers/STM32L1xx_HAL_Driver/Src/stm32l1xx_hal.o
 .debug_macro   0x0000000000011c90       0xd7 Drivers/STM32L1xx_HAL_Driver/Src/stm32l1xx_hal.o
 .debug_macro   0x0000000000011d67       0x1c Drivers/STM32L1xx_HAL_Driver/Src/stm32l1xx_hal.o
 .debug_macro   0x0000000000011d83       0x3d Drivers/STM32L1xx_HAL_Driver/Src/stm32l1xx_hal.o
 .debug_macro   0x0000000000011dc0       0x16 Drivers/STM32L1xx_HAL_Driver/Src/stm32l1xx_hal.o
 .debug_macro   0x0000000000011dd6      0x16f Drivers/STM32L1xx_HAL_Driver/Src/stm32l1xx_hal.o
 .debug_macro   0x0000000000011f45       0x50 Drivers/STM32L1xx_HAL_Driver/Src/stm32l1xx_hal.o
 .debug_macro   0x0000000000011f95      0xe3e Drivers/STM32L1xx_HAL_Driver/Src/stm32l1xx_hal.o
 .debug_macro   0x0000000000012dd3      0x363 Drivers/STM32L1xx_HAL_Driver/Src/stm32l1xx_hal.o
 .debug_macro   0x0000000000013136      0x141 Drivers/STM32L1xx_HAL_Driver/Src/stm32l1xx_hal.o
 .debug_macro   0x0000000000013277       0xc6 Drivers/STM32L1xx_HAL_Driver/Src/stm32l1xx_hal.o
 .debug_macro   0x000000000001333d      0x25d Drivers/STM32L1xx_HAL_Driver/Src/stm32l1xx_hal.o
 .debug_macro   0x000000000001359a      0x23a Drivers/STM32L1xx_HAL_Driver/Src/stm32l1xx_hal.o
 .debug_macro   0x00000000000137d4      0x685 Drivers/STM32L1xx_HAL_Driver/Src/stm32l1xx_hal.o
 .debug_macro   0x0000000000013e59      0x16f Drivers/STM32L1xx_HAL_Driver/Src/stm32l1xx_hal.o
 .debug_macro   0x0000000000013fc8      0x113 Drivers/STM32L1xx_HAL_Driver/Src/stm32l1xx_hal.o
 .debug_macro   0x00000000000140db      0x56c Drivers/STM32L1xx_HAL_Driver/Src/stm32l1xx_hal.o
 .debug_macro   0x0000000000014647      0x1ed Drivers/STM32L1xx_HAL_Driver/Src/stm32l1xx_hal.o
 .debug_macro   0x0000000000014834       0x22 Drivers/STM32L1xx_HAL_Driver/Src/stm32l1xx_hal.o
 .debug_macro   0x0000000000014856      0x757 Drivers/STM32L1xx_HAL_Driver/Src/stm32l1xx_hal.o
 .debug_macro   0x0000000000014fad       0xac Drivers/STM32L1xx_HAL_Driver/Src/stm32l1xx_hal.o
 .debug_macro   0x0000000000015059      0x287 Drivers/STM32L1xx_HAL_Driver/Src/stm32l1xx_hal.o
 .debug_macro   0x00000000000152e0      0x470 Drivers/STM32L1xx_HAL_Driver/Src/stm32l1xx_hal.o
 .debug_macro   0x0000000000015750      0x329 Drivers/STM32L1xx_HAL_Driver/Src/stm32l1xx_hal_adc.o
 .debug_macro   0x0000000000015a79      0x30c Drivers/STM32L1xx_HAL_Driver/Src/stm32l1xx_hal_cortex.o
 .debug_macro   0x0000000000015d85      0x30c Drivers/STM32L1xx_HAL_Driver/Src/stm32l1xx_hal_dma.o
 .debug_macro   0x0000000000016091      0x345 Drivers/STM32L1xx_HAL_Driver/Src/stm32l1xx_hal_gpio.o
 .debug_macro   0x00000000000163d6      0x348 Drivers/STM32L1xx_HAL_Driver/Src/stm32l1xx_hal_rcc.o
 .debug_macro   0x000000000001671e      0x30d Drivers/STM32L1xx_HAL_Driver/Src/stm32l1xx_hal_tim.o
 .debug_macro   0x0000000000016a2b      0x30c Drivers/STM32L1xx_HAL_Driver/Src/stm32l1xx_hal_tim_ex.o
 .debug_macro   0x0000000000016d37      0x30d Drivers/STM32L1xx_HAL_Driver/Src/stm32l1xx_hal_uart.o
 .debug_macro   0x0000000000017044      0x328 Src/main.o
 .debug_macro   0x000000000001736c       0x88 Src/main.o
 .debug_macro   0x00000000000173f4       0x40 Src/main.o
 .debug_macro   0x0000000000017434      0x30c Src/stm32l1xx_hal_msp.o
 .debug_macro   0x0000000000017740      0x316 Src/stm32l1xx_it.o
 .debug_macro   0x0000000000017a56      0x312 Src/system_stm32l1xx.o

.debug_line     0x0000000000000000     0x9ffb
 .debug_line    0x0000000000000000      0x9ea Drivers/STM32L1xx_HAL_Driver/Src/stm32l1xx_hal.o
 .debug_line    0x00000000000009ea      0xd49 Drivers/STM32L1xx_HAL_Driver/Src/stm32l1xx_hal_adc.o
 .debug_line    0x0000000000001733      0xac6 Drivers/STM32L1xx_HAL_Driver/Src/stm32l1xx_hal_cortex.o
 .debug_line    0x00000000000021f9      0xadf Drivers/STM32L1xx_HAL_Driver/Src/stm32l1xx_hal_dma.o
 .debug_line    0x0000000000002cd8      0xa04 Drivers/STM32L1xx_HAL_Driver/Src/stm32l1xx_hal_gpio.o
 .debug_line    0x00000000000036dc      0xe97 Drivers/STM32L1xx_HAL_Driver/Src/stm32l1xx_hal_rcc.o
 .debug_line    0x0000000000004573     0x1747 Drivers/STM32L1xx_HAL_Driver/Src/stm32l1xx_hal_tim.o
 .debug_line    0x0000000000005cba      0x90b Drivers/STM32L1xx_HAL_Driver/Src/stm32l1xx_hal_tim_ex.o
 .debug_line    0x00000000000065c5      0xf64 Drivers/STM32L1xx_HAL_Driver/Src/stm32l1xx_hal_uart.o
 .debug_line    0x0000000000007529      0xdff Src/main.o
 .debug_line    0x0000000000008328      0x9ee Src/stm32l1xx_hal_msp.o
 .debug_line    0x0000000000008d16      0x9b5 Src/stm32l1xx_it.o
 .debug_line    0x00000000000096cb      0x8b3 Src/system_stm32l1xx.o
 .debug_line    0x0000000000009f7e       0x7d startup/startup_stm32l152xe.o

.debug_str      0x0000000000000000    0x91f31
 .debug_str     0x0000000000000000    0x8eca0 Drivers/STM32L1xx_HAL_Driver/Src/stm32l1xx_hal.o
                                      0x8f049 (size before relaxing)
 .debug_str     0x000000000008eca0      0x6fe Drivers/STM32L1xx_HAL_Driver/Src/stm32l1xx_hal_adc.o
                                      0x8f10b (size before relaxing)
 .debug_str     0x000000000008f39e      0x3d9 Drivers/STM32L1xx_HAL_Driver/Src/stm32l1xx_hal_cortex.o
                                      0x8f194 (size before relaxing)
 .debug_str     0x000000000008f777      0x216 Drivers/STM32L1xx_HAL_Driver/Src/stm32l1xx_hal_dma.o
                                      0x8ed37 (size before relaxing)
 .debug_str     0x000000000008f98d      0x28e Drivers/STM32L1xx_HAL_Driver/Src/stm32l1xx_hal_gpio.o
                                      0x8ec17 (size before relaxing)
 .debug_str     0x000000000008fc1b      0x54c Drivers/STM32L1xx_HAL_Driver/Src/stm32l1xx_hal_rcc.o
                                      0x8ef9a (size before relaxing)
 .debug_str     0x0000000000090167      0xe2a Drivers/STM32L1xx_HAL_Driver/Src/stm32l1xx_hal_tim.o
                                      0x8fa0d (size before relaxing)
 .debug_str     0x0000000000090f91       0xc7 Drivers/STM32L1xx_HAL_Driver/Src/stm32l1xx_hal_tim_ex.o
                                      0x8ed5c (size before relaxing)
 .debug_str     0x0000000000091058      0x518 Drivers/STM32L1xx_HAL_Driver/Src/stm32l1xx_hal_uart.o
                                      0x8f0b8 (size before relaxing)
 .debug_str     0x0000000000091570      0x79c Src/main.o
                                      0x900ba (size before relaxing)
 .debug_str     0x0000000000091d0c       0x25 Src/stm32l1xx_hal_msp.o
                                      0x8f579 (size before relaxing)
 .debug_str     0x0000000000091d31      0x15e Src/stm32l1xx_it.o
                                      0x8eff8 (size before relaxing)
 .debug_str     0x0000000000091e8f       0x72 Src/system_stm32l1xx.o
                                      0x8e9ee (size before relaxing)
 .debug_str     0x0000000000091f01       0x30 startup/startup_stm32l152xe.o
                                         0x6b (size before relaxing)

.comment        0x0000000000000000       0x7e
 .comment       0x0000000000000000       0x7e Drivers/STM32L1xx_HAL_Driver/Src/stm32l1xx_hal.o
                                         0x7f (size before relaxing)
 .comment       0x000000000000007e       0x7f Drivers/STM32L1xx_HAL_Driver/Src/stm32l1xx_hal_adc.o
 .comment       0x000000000000007e       0x7f Drivers/STM32L1xx_HAL_Driver/Src/stm32l1xx_hal_cortex.o
 .comment       0x000000000000007e       0x7f Drivers/STM32L1xx_HAL_Driver/Src/stm32l1xx_hal_dma.o
 .comment       0x000000000000007e       0x7f Drivers/STM32L1xx_HAL_Driver/Src/stm32l1xx_hal_gpio.o
 .comment       0x000000000000007e       0x7f Drivers/STM32L1xx_HAL_Driver/Src/stm32l1xx_hal_rcc.o
 .comment       0x000000000000007e       0x7f Drivers/STM32L1xx_HAL_Driver/Src/stm32l1xx_hal_tim.o
 .comment       0x000000000000007e       0x7f Drivers/STM32L1xx_HAL_Driver/Src/stm32l1xx_hal_tim_ex.o
 .comment       0x000000000000007e       0x7f Drivers/STM32L1xx_HAL_Driver/Src/stm32l1xx_hal_uart.o
 .comment       0x000000000000007e       0x7f Src/main.o
 .comment       0x000000000000007e       0x7f Src/stm32l1xx_hal_msp.o
 .comment       0x000000000000007e       0x7f Src/stm32l1xx_it.o
 .comment       0x000000000000007e       0x7f Src/system_stm32l1xx.o

.debug_frame    0x0000000000000000     0x1dd0
 .debug_frame   0x0000000000000000      0x168 Drivers/STM32L1xx_HAL_Driver/Src/stm32l1xx_hal.o
 .debug_frame   0x0000000000000168      0x2d8 Drivers/STM32L1xx_HAL_Driver/Src/stm32l1xx_hal_adc.o
 .debug_frame   0x0000000000000440      0x15c Drivers/STM32L1xx_HAL_Driver/Src/stm32l1xx_hal_cortex.o
 .debug_frame   0x000000000000059c      0x154 Drivers/STM32L1xx_HAL_Driver/Src/stm32l1xx_hal_dma.o
 .debug_frame   0x00000000000006f0       0xec Drivers/STM32L1xx_HAL_Driver/Src/stm32l1xx_hal_gpio.o
 .debug_frame   0x00000000000007dc      0x168 Drivers/STM32L1xx_HAL_Driver/Src/stm32l1xx_hal_rcc.o
 .debug_frame   0x0000000000000944      0x9c8 Drivers/STM32L1xx_HAL_Driver/Src/stm32l1xx_hal_tim.o
 .debug_frame   0x000000000000130c       0x3c Drivers/STM32L1xx_HAL_Driver/Src/stm32l1xx_hal_tim_ex.o
 .debug_frame   0x0000000000001348      0x380 Drivers/STM32L1xx_HAL_Driver/Src/stm32l1xx_hal_uart.o
 .debug_frame   0x00000000000016c8      0x430 Src/main.o
 .debug_frame   0x0000000000001af8       0xfc Src/stm32l1xx_hal_msp.o
 .debug_frame   0x0000000000001bf4      0x180 Src/stm32l1xx_it.o
 .debug_frame   0x0000000000001d74       0x30 Src/system_stm32l1xx.o
 .debug_frame   0x0000000000001da4       0x2c /Applications/Ac6/SystemWorkbench.app/Contents/Eclipse/plugins/fr.ac6.mcu.externaltools.arm-none.macos64_1.16.0.201807130628/tools/compiler/bin/../lib/gcc/arm-none-eabi/7.2.1/../../../../arm-none-eabi/lib/thumb/v7-m/libc_nano.a(lib_a-init.o)
